#-----------------------------------------------------------
# Vivado v2025.1 (64-bit)
# SW Build 6140274 on Thu May 22 00:12:29 MDT 2025
# IP Build 6138677 on Thu May 22 03:10:11 MDT 2025
# SharedData Build 6139179 on Tue May 20 17:58:58 MDT 2025
# Start of session at: Wed Dec  3 19:01:24 2025
# Process ID         : 15484
# Current directory  : C:/Users/Judy/Desktop/NYCU 114/Dlab/final_project/Lab10/lab10/lab10.runs/impl_1
# Command line       : vivado.exe -log lab10.vdi -applog -product Vivado -messageDb vivado.pb -mode batch -source lab10.tcl -notrace
# Log file           : C:/Users/Judy/Desktop/NYCU 114/Dlab/final_project/Lab10/lab10/lab10.runs/impl_1/lab10.vdi
# Journal file       : C:/Users/Judy/Desktop/NYCU 114/Dlab/final_project/Lab10/lab10/lab10.runs/impl_1\vivado.jou
# Running On         : LAPTOP-K96KR7IV
# Platform           : Windows Server 2016 or Windows 10
# Operating System   : 26100
# Processor Detail   : AMD Ryzen 5 7535HS with Radeon Graphics        
# CPU Frequency      : 3294 MHz
# CPU Physical cores : 6
# CPU Logical cores  : 12
# Host memory        : 16369 MB
# Swap memory        : 22548 MB
# Total Virtual      : 38918 MB
# Available Virtual  : 11507 MB
#-----------------------------------------------------------
source lab10.tcl -notrace
